
> restaurant@0.0.0 build
> tsc -b && vite build

src/components/pages/InvoiceManagement/InvoiceView.tsx(2,1): error TS6133: 'FaPrint' is declared but its value is never read.
src/components/pages/InvoiceManagement/InvoiceView.tsx(11,9): error TS6133: 'printInvoice' is declared but its value is never read.
