src/components/pages/emailSettings/EmailSettings.tsx(3,1): error TS6133: 'Label' is declared but its value is never read.
src/components/pages/emailSettings/EmailSettings.tsx(50,7): error TS6133: 'PROTOCOLS' is declared but its value is never read.
src/components/pages/FoodContentManagement/SubCategories.tsx(5,81): error TS6133: 'deleteSubCategoryById' is declared but its value is never read.
src/components/pages/FoodContentManagement/Variants.tsx(5,45): error TS6133: 'deleteFoodVariant' is declared but its value is never read.
src/components/pages/InvoiceManagement/InvoiceManagement.tsx(36,22): error TS6133: 'setDateFilter' is declared but its value is never read.
src/components/pages/login/Login.tsx(56,33): error TS2339: Property 'userId' does not exist on type '{ accessToken: string; expiresIn: number; rolePrivileges?: Record<string, number> | undefined; rolePrivilegesMaintain?: Record<string, number> | undefined; rolePrivilege?: Record<...> | undefined; roleId?: number | undefined; }'.
